
Warning: This is a simple server for use in testing or debugging Angular applications
locally. It hasn't been reviewed for security issues.

Binding this server to an open connection can result in compromising your application or
computer. Using a different host than the one passed to the "--host" flag might result in
websocket connection issues.

❯ Building...
✔ Building...
Initial chunk files | Names         |  Raw size
styles.css          | styles        | 346.86 kB |
scripts.js          | scripts       | 107.73 kB |
chunk-OLTQQTFO.js   | -             |  11.47 kB |
main.js             | main          |   6.21 kB |
chunk-GUGRCC3J.js   | -             |   2.58 kB |
polyfills.js        | polyfills     |  95 bytes |

                    | Initial total | 474.94 kB

Lazy chunk files    | Names         |  Raw size
chunk-5Y5PQF35.js   | public-routes | 987.81 kB |
chunk-TW4QVRYN.js   | admin-routes  | 669.00 kB |
chunk-WPZGSASM.js   | auth-routes   | 194.94 kB |
chunk-YX4TRUDB.js   | -             |  74.17 kB |
chunk-3NLTRTPR.js   | edicao-viewer |  30.07 kB |
chunk-75P6GX54.js   | -             |   7.46 kB |
chunk-WIPSEJVQ.js   | -             |   2.48 kB |

Application bundle generation complete. [9.969 seconds] - 2026-02-08T13:25:50.914Z

Watch mode enabled. Watching for file changes...
NOTE: Raw file sizes do not reflect development server per-request transformations.
  ➜  Local:   http://localhost:4200/
  ➜  Network: http://192.168.0.2:4200/
❯ Changes detected. Rebuilding...
✔ Changes detected. Rebuilding...
Initial chunk files | Names         |  Raw size
main.js             | main          |   6.33 kB |

Lazy chunk files    | Names         |  Raw size
chunk-H72VWVW4.js   | public-routes | 987.85 kB |
chunk-HFDDUIKH.js   | admin-routes  | 632.57 kB |
chunk-RFKAXVJJ.js   | auth-routes   | 194.98 kB |
chunk-R7ZF5HRW.js   | -             |  36.32 kB |
chunk-7EJCUISB.js   | -             |   5.09 kB |
chunk-USMVOKYY.js   | -             |   2.45 kB |
chunk-D7WPKM6O.js   | kardex        | 214 bytes |

Application bundle generation complete. [3.479 seconds] - 2026-02-08T13:26:17.916Z

Page reload sent to client(s).
❯ Changes detected. Rebuilding...
✔ Changes detected. Rebuilding...
Initial chunk files | Names         |  Raw size
main.js             | main          |   6.21 kB |

Lazy chunk files    | Names         |  Raw size
chunk-5Y5PQF35.js   | public-routes | 987.81 kB |
chunk-TW4QVRYN.js   | admin-routes  | 669.00 kB |
chunk-WPZGSASM.js   | auth-routes   | 194.94 kB |
chunk-75P6GX54.js   | -             |   7.46 kB |

Application bundle generation complete. [1.178 seconds] - 2026-02-08T14:27:11.800Z

Page reload sent to client(s).
